C:/Users/Egemen/Desktop/MyApplication/Core/Src/stm32f4xx_hal_msp.c:65:6:HAL_MspInit	8	static
C:/Users/Egemen/Desktop/MyApplication/Core/Src/stm32f4xx_hal_msp.c:90:6:HAL_CRC_MspInit	8	static
C:/Users/Egemen/Desktop/MyApplication/Core/Src/stm32f4xx_hal_msp.c:113:6:HAL_CRC_MspDeInit	0	static
C:/Users/Egemen/Desktop/MyApplication/Core/Src/stm32f4xx_hal_msp.c:135:6:HAL_DMA2D_MspInit	16	static
C:/Users/Egemen/Desktop/MyApplication/Core/Src/stm32f4xx_hal_msp.c:161:6:HAL_DMA2D_MspDeInit	0	static
C:/Users/Egemen/Desktop/MyApplication/Core/Src/stm32f4xx_hal_msp.c:186:6:HAL_DSI_MspInit	40	static
C:/Users/Egemen/Desktop/MyApplication/Core/Src/stm32f4xx_hal_msp.c:225:6:HAL_DSI_MspDeInit	8	static
C:/Users/Egemen/Desktop/MyApplication/Core/Src/stm32f4xx_hal_msp.c:255:6:HAL_I2C_MspInit	48	static
C:/Users/Egemen/Desktop/MyApplication/Core/Src/stm32f4xx_hal_msp.c:299:6:HAL_I2C_MspDeInit	8	static
C:/Users/Egemen/Desktop/MyApplication/Core/Src/stm32f4xx_hal_msp.c:330:6:HAL_LTDC_MspInit	72	static
C:/Users/Egemen/Desktop/MyApplication/Core/Src/stm32f4xx_hal_msp.c:369:6:HAL_LTDC_MspDeInit	0	static
C:/Users/Egemen/Desktop/MyApplication/Core/Src/stm32f4xx_hal_msp.c:394:6:HAL_QSPI_MspInit	56	static
C:/Users/Egemen/Desktop/MyApplication/Core/Src/stm32f4xx_hal_msp.c:450:6:HAL_QSPI_MspDeInit	8	static
C:/Users/Egemen/Desktop/MyApplication/Core/Src/stm32f4xx_hal_msp.c:616:6:HAL_SDRAM_MspInit	48	static
C:/Users/Egemen/Desktop/MyApplication/Core/Src/stm32f4xx_hal_msp.c:725:6:HAL_SDRAM_MspDeInit	8	static
